(node:29284) Warning: SECURITY WARNING: The SSL modes 'prefer', 'require', and 'verify-ca' are treated as aliases for 'verify-full'.
In the next major version (pg-connection-string v3.0.0 and pg v9.0.0), these modes will adopt standard libpq semantics, which have weaker security guarantees.

To prepare for this change:
- If you want the current behavior, explicitly use 'sslmode=verify-full'
- If you want libpq compatibility now, use 'uselibpqcompat=true&sslmode=require'

See https://www.postgresql.org/docs/current/libpq-ssl.html for libpq SSL mode definitions.
(Use `node --trace-warnings ...` to show where the warning was created)
analisando 200 pregões · conc 3
Warning: TT: undefined function: 21
Warning: TT: undefined function: 32
Warning: TT: undefined function: 32
Warning: TT: undefined function: 21
  10/200Warning: TT: undefined function: 21
Warning: TT: undefined function: 21
Warning: TT: undefined function: 21
Warning: TT: undefined function: 21
  20/200Warning: TT: undefined function: 32
Warning: TT: undefined function: 32
Warning: TT: undefined function: 32
Warning: TT: undefined function: 32
  30/200Warning: TT: undefined function: 32
Warning: TT: undefined function: 32
Warning: TT: undefined function: 21
Warning: TT: undefined function: 32
Warning: TT: undefined function: 32
Warning: TT: undefined function: 21
  40/200Warning: TT: undefined function: 32
Warning: TT: undefined function: 21
Warning: TT: undefined function: 32
Warning: TT: undefined function: 21
  50/200Warning: TT: undefined function: 21
Warning: TT: undefined function: 21
Warning: TT: invalid function id: 136
Warning: TT: undefined function: 32
Warning: TT: undefined function: 32
  60/200Warning: TT: undefined function: 32
  70/200Warning: TT: undefined function: 32
Warning: TT: undefined function: 32
  80/200Warning: TT: undefined function: 32
Warning: TT: undefined function: 32
Warning: TT: undefined function: 21
  90/200Warning: TT: undefined function: 32
Warning: TT: undefined function: 32
Warning: TT: undefined function: 32
Warning: TT: undefined function: 32
Warning: TT: undefined function: 32
Warning: TT: undefined function: 21
  100/200Warning: TT: undefined function: 32
Warning: TT: undefined function: 32
Warning: TT: undefined function: 32
Warning: TT: undefined function: 32
Warning: TT: undefined function: 32
Warning: TT: undefined function: 32
Warning: TT: undefined function: 32
  110/200Warning: TT: undefined function: 32
Warning: TT: undefined function: 32
Warning: TT: undefined function: 32
Warning: TT: undefined function: 32
Warning: TT: undefined function: 32
Warning: TT: undefined function: 21
Warning: TT: undefined function: 21
Warning: TT: undefined function: 21
Warning: TT: undefined function: 21
  120/200Warning: TT: undefined function: 21
Warning: TT: undefined function: 32
Warning: TT: undefined function: 21
Warning: TT: invalid function id: 136
Warning: TT: undefined function: 21
Warning: TT: undefined function: 32
Warning: TT: undefined function: 21
  130/200Warning: TT: undefined function: 32
Warning: TT: undefined function: 21
Warning: TT: undefined function: 32
Warning: TT: undefined function: 21
Warning: TT: undefined function: 32
Warning: TT: undefined function: 21
Warning: TT: undefined function: 21
  140/200Warning: TT: undefined function: 32
Warning: TT: undefined function: 21
Warning: TT: undefined function: 21
Warning: TT: undefined function: 21
Warning: TT: undefined function: 32
  150/200Warning: TT: undefined function: 32
Warning: TT: undefined function: 32
Warning: TT: undefined function: 32
Warning: TT: undefined function: 21
Warning: TT: undefined function: 21
Warning: TT: undefined function: 32
Warning: TT: undefined function: 32
Warning: TT: undefined function: 32
  160/200Warning: TT: undefined function: 21
Warning: TT: undefined function: 21
Warning: TT: undefined function: 21
Warning: TT: undefined function: 21
Warning: TT: undefined function: 21
Warning: TT: undefined function: 21
Warning: TT: undefined function: 21
Warning: TT: undefined function: 21
Warning: TT: undefined function: 21
Warning: TT: undefined function: 21
Warning: TT: undefined function: 21
Warning: TT: undefined function: 21
Warning: TT: undefined function: 21
Warning: TT: undefined function: 21
Warning: TT: undefined function: 21
Warning: TT: undefined function: 21
Warning: TT: undefined function: 21
Warning: TT: undefined function: 21
Warning: TT: undefined function: 21
Warning: TT: undefined function: 21
Warning: TT: undefined function: 21
Warning: TT: undefined function: 21
Warning: TT: undefined function: 21
Warning: TT: undefined function: 21
Warning: TT: undefined function: 21
Warning: TT: undefined function: 21
Warning: TT: undefined function: 21
Warning: TT: undefined function: 21
Warning: TT: undefined function: 21
Warning: TT: undefined function: 21
Warning: TT: undefined function: 21
Warning: TT: undefined function: 21
Warning: TT: undefined function: 21
Warning: TT: undefined function: 21
Warning: TT: undefined function: 21
Warning: TT: invalid function id: 136
Warning: TT: undefined function: 21
Warning: TT: undefined function: 21
Warning: TT: undefined function: 21
Warning: TT: undefined function: 21
Warning: TT: undefined function: 21
Warning: TT: undefined function: 21
Warning: TT: undefined function: 21
  170/200Warning: TT: undefined function: 32
Warning: TT: undefined function: 32
Warning: TT: undefined function: 32
Warning: TT: undefined function: 32
Warning: TT: undefined function: 32
Warning: TT: undefined function: 32
Warning: TT: undefined function: 32
Warning: TT: undefined function: 21
  180/200Warning: TT: undefined function: 32
Warning: TT: undefined function: 32
Warning: TT: undefined function: 21
Warning: TT: undefined function: 32
Warning: TT: undefined function: 32
  190/200Warning: TT: undefined function: 32
Warning: TT: undefined function: 32
Warning: TT: undefined function: 32
Warning: TT: undefined function: 32
Warning: TT: undefined function: 32
  200/200

═══ AGREGADO (200 pregões) ═══
TR com texto: 198 · TR sem texto (escaneado/vazio): 2 · erro/fetch: 0
por-lote: 2 · com ambiguidade de conteúdo (dup>0): 32
cobertura média (item achado no TR): 0.806
código de catálogo no item — cobertura média: 0 · processos c/ algum: 0
posição: mede em 166 · SEGURA (conc≥0.9): 97 · QUEBRA (<0.9): 69

detalhe em C:\Users\PC\pnigp\logs\analise_casamento_tr.jsonl
